album=決定盤 どうよう ベスト77
date=2018
disc=1
label=PONY CANYON
title=アイスクリームの歌
tracknumber=19
