album=決定盤 どうよう ベスト77
date=2018
disc=1
label=PONY CANYON
title=ABCのうた～キラキラ星
tracknumber=22
