album=決定盤 どうよう ベスト77
date=2018
disc=1
label=PONY CANYON
title=めだかの学校
tracknumber=23
