album=Brahms: Works for Solo Piano
composer=Johannes Brahms
date=1965
disc=6
label=DECCA
performer=Julius Katchen
title=Ungarischen TÃ¤nze, WoO 1: XI. d-Moll Poco andante
tracknumber=14
