album=Brahms: Works for Solo Piano
composer=Johannes Brahms
date=1965
disc=6
label=DECCA
performer=Julius Katchen
title=Ungarischen TÃ¤nze, WoO 1: XXI. e-Moll Vivace
tracknumber=24
