composer=Ludwig van Beethoven
performer=Andr√© Cluytens
title=Symphony no. 9 in D minor, op. 125 'Choral': I. Allegro ma non troppo, un poco maestoso
tracknumber=1
