album=Beethoven: Die Symphonien
composer=Ludwig van Beethoven
date=1959
disc=3
label=EMI
performer=Andr√© Cluytens, Berliner Philharmoniker
title=Symphonie Nr. 4 in B-Dur, op. 60: IV. Allegro ma non troppo
tracknumber=4
