album=Beethoven: Die Symphonien
composer=Ludwig van Beethoven
date=1958
disc=3
label=EMI
performer=André Cluytens, Berliner Philharmoniker
title=Symphonie Nr. 5 in c-Moll, op. 67 'Schicksalssymphonie' (運命): I. Allegro con brio
tracknumber=5
